n = 1:
z = [ 0 ]
w = [ 2 ]
dot(w, z.*z) = 0
n = 2:
z = [ -0.57735  0.57735 ]
w = [ 1 1 ]
dot(w, z.*z) = 0.666667
n = 3:
z = [ -0.774597         0  0.774597 ]
w = [ 0.555556 0.888889 0.555556 ]
dot(w, z.*z) = 0.666667
n = 4:
z = [ -0.861136 -0.339981  0.339981  0.861136 ]
w = [ 0.347855 0.652145 0.652145 0.347855 ]
dot(w, z.*z) = 0.666667
n = 5:
z = [  -0.90618 -0.538469         0  0.538469   0.90618 ]
w = [ 0.236927 0.478629 0.568889 0.478629 0.236927 ]
dot(w, z.*z) = 0.666667
n = 6:
z = [  -0.93247 -0.661209 -0.238619  0.238619  0.661209   0.93247 ]
w = [ 0.171324 0.360762 0.467914 0.467914 0.360762 0.171324 ]
dot(w, z.*z) = 0.666667
n = 8:
z = [  -0.96029 -0.796666 -0.525532 -0.183435  0.183435  0.525532  0.796666   0.96029 ]
w = [ 0.101229 0.222381 0.313707 0.362684 0.362684 0.313707 0.222381 0.101229 ]
dot(w, z.*z) = 0.666667
n = 12:
z = [ -0.981561 -0.904117 -0.769903 -0.587318 -0.367831 -0.125233  0.125233  0.367831  0.587318  0.769903  0.904117  0.981561 ]
w = [ 0.0471753  0.106939  0.160078  0.203167  0.233493  0.249147  0.249147  0.233493  0.203167  0.160078  0.106939 0.0471753 ]
dot(w, z.*z) = 0.666667
n = 20:
z = [  -0.993129  -0.963972  -0.912234  -0.839117  -0.746332  -0.636054  -0.510867  -0.373706  -0.227786 -0.0765265  0.0765265   0.227786   0.373706   0.510867   0.636054   0.746332   0.839117   0.912234   0.963972   0.993129 ]
w = [  0.017614 0.0406014  0.062672 0.0832767   0.10193  0.118195  0.131689  0.142096  0.149173  0.152753  0.152753  0.149173  0.142096  0.131689  0.118195   0.10193 0.0832767  0.062672 0.0406014  0.017614 ]
dot(w, z.*z) = 0.666667
